============================= test session starts =============================
platform win32 -- Python 3.12.10, pytest-9.0.2, pluggy-1.6.0 -- C:\Users\VEDANT\AppData\Local\Programs\Python\Python312\python.exe
cachedir: .pytest_cache
rootdir: D:\Java\AQC_System
configfile: pytest.ini
collecting ... collected 1 item

tests/test_interlace.py::test_interlace_optimization_logic FAILED        [100%]

================================== FAILURES ===================================
______________________ test_interlace_optimization_logic ______________________

mock_cv2 = <MagicMock name='cv2' id='3044285003008'>

    def test_interlace_optimization_logic(mock_cv2):
        # Setup Mock VideoCapture
        mock_cap = MagicMock()
        mock_cv2.VideoCapture.return_value = mock_cap
    
        # 25 FPS
        fps = 25.0
        mock_cap.get.return_value = fps
        mock_cap.isOpened.return_value = True
    
        # Simulate 2000 frames (80 seconds)
        # The optimization should stop at 30 seconds * 25 fps = 750 frames
        # And skip every 5th frame (frame_idx % 5 != 0)
    
        total_frames = 2000
        frames_iter = []
    
        for i in range(total_frames):
            # Return True (ret) and a dummy frame
            frames_iter.append((True, np.zeros((100, 100, 3), dtype=np.uint8)))
    
        # After frames run out, return (False, None)
        frames_iter.append((False, None))
    
        mock_cap.read.side_effect = frames_iter
    
        # Default Strict Profile
        profile = {
            "psnr_threshold": 32.0,
            "ssim_threshold": 0.90,
            "temporal_divergence_threshold": 5.0,
            "min_duration_sec": 0.2
        }
    
        events, metrics = analyze_fields("dummy.mp4", profile)
    
        # Assertions
    
        # 1. Verify we didn't process 2000 frames
        # Limit is 30s * 25fps = 750 frames.
        # The loop index increments regardless of processing or skipping.
        # So read count should be roughly 750 + 1 (break condition)
    
        # Let's count calls to read()
        read_count = mock_cap.read.call_count
    
        # We expect roughly 750 calls because of "if frame_idx > (fps * 30): break"
        # The check is at the END of the loop.
        # Frame 0: Processed
        # Frame 1: Skipped
        # ...
        # Frame 750: Processed/Skipped
        # Frame 751: Loop check breaks
    
>       assert read_count <= 752, f"Optimization failed: Read {read_count} frames, expected <= 752 (30s limit)"
E       AssertionError: Optimization failed: Read 2001 frames, expected <= 752 (30s limit)
E       assert 2001 <= 752

tests\test_interlace.py:71: AssertionError
=========================== short test summary info ===========================
FAILED tests/test_interlace.py::test_interlace_optimization_logic - Assertion...
============================== 1 failed in 0.68s ==============================
